
> rng@0.1.0 build
> next build

  Γû▓ Next.js 14.2.5

   Creating an optimized production build ...
node.exe : Failed 
to compile.
At C:\Program Files\
nodejs\npm.ps1:29 
char:3
+   & $NODE_EXE 
$NPM_CLI_JS $args
+   ~~~~~~~~~~~~~~~~
~~~~~~~~~~~~~
    + CategoryInfo  
            : NotS  
  pecified: (Fail   
 ed to compile.:    
String) [], Rem    
oteException
    + FullyQualifie 
   dErrorId : Nati  
  veCommandError
 

./components/ui/Navb
ar.tsx
Error: 
  [31mx[0m 
Expected ',', got 
'className'
    ,-[[36;1;4mC:\U
sers\MSI\Desktop\TCG
 Website\TCG-Fronten
d\components\ui\Navb
ar.tsx[0m:17:1]
 [2m17[0m |     
return (
 [2m18[0m |       
  // ... (Nav 
structure stays 
same)
 [2m19[0m |       
  {/* Right Actions 
*/ }
 [2m20[0m |       
  < div className = 
"flex items-center 
gap-4 text-white" >
    : [31;1m       
       ^^^^^^^^^[0m
 [2m21[0m |       
              <div 
className="w-64">
 [2m22[0m |       
                  
<SearchBox />
 [2m22[0m |       
              </div>
    `----

Caused by:
    Syntax Error

Import trace for 
requested module:
./components/ui/Navb
ar.tsx
./app/(main)/layout.
tsx


> Build failed 
because of webpack 
errors
